// Jest Snapshot v1, https://goo.gl/fbAQLP

exports[`Login Component should render correctly in 'debuge' mode 1`] = `ShallowWrapper {}`;
